---
source: src/compiler_rust/traits.rs
expression: "prettyplease::unparse(&syn::parse_file(&generate_header().to_string()).unwrap())"
---
#[allow(unused)]
use futures::stream::Stream;
use rpc_support::rpc_error::RpcError;
use serde::{Deserialize, Serialize};

